Testing API Key: AIzaSyDodgydp6jEGgW11sqQ-fFfWRbce-TW9Mk
Status: 400
node : Error 
Response: {
At line:1 char:1
+ node 
test-api-key.js > 
test-output.txt 2>&1
+ ~~~~~~~~~~~~~~~~~~~~
~~~~~~~~~~~~~~~~~~~~~~
~
    + CategoryInfo    
          : NotSpeci  
  fied: (Error Resp   
 onse: {:String) [    
], RemoteExceptio    n
    + FullyQualifiedE 
   rrorId : NativeCo  
  mmandError
 
  "error": {
    "code": 400,
    "message": "INVALI
D_LOGIN_CREDENTIALS",
    "errors": [
      {
        "message": "IN
VALID_LOGIN_CREDENTIAL
S",
        "domain": 
"global",
        "reason": 
"invalid"
      }
    ]
  }
}
